// Jest Snapshot v1, https://goo.gl/fbAQLP

exports[`momentum detection recognizes swipe right - fast 1`] = `
Object {
  "phases": Array [
    Object {
      "range": Array [
        0,
        27,
      ],
      "wheelType": "WHEEL",
    },
    Object {
      "range": Array [
        27,
        96,
      ],
      "wheelType": "MOMENTUM_WHEEL",
    },
    Object {
      "range": Array [
        0,
        96,
      ],
      "wheelType": "ANY_WHEEL",
    },
  ],
}
`;

exports[`momentum detection recognizes swipe right 1`] = `
Object {
  "phases": Array [
    Object {
      "range": Array [
        0,
        19,
      ],
      "wheelType": "WHEEL",
    },
    Object {
      "range": Array [
        19,
        63,
      ],
      "wheelType": "MOMENTUM_WHEEL",
    },
    Object {
      "range": Array [
        0,
        63,
      ],
      "wheelType": "ANY_WHEEL",
    },
  ],
}
`;
